// Jest Snapshot v1, https://goo.gl/fbAQLP

exports[`TD stringifyTDNode 1`] = `"{\\"doc\\":{\\"idMap\\":{},\\"root\\":{\\"$ref\\":\\"../../\\"},\\"$id\\":1},\\"key\\":\\"root\\",\\"type\\":0,\\"deduped\\":false,\\"tData\\":{},\\"start\\":{\\"line\\":0,\\"col\\":0,\\"pos\\":0},\\"children\\":[{\\"doc\\":{\\"$ref\\":\\"#1\\"},\\"key\\":\\"a\\",\\"type\\":2,\\"mValue\\":1,\\"deduped\\":false,\\"tData\\":{},\\"parent\\":{\\"$ref\\":\\"../../../\\"},\\"start\\":{\\"line\\":0,\\"col\\":3,\\"pos\\":3},\\"end\\":{\\"line\\":0,\\"col\\":4,\\"pos\\":4}},{\\"doc\\":{\\"$ref\\":\\"#1\\"},\\"key\\":\\"b\\",\\"type\\":2,\\"mValue\\":2,\\"deduped\\":false,\\"tData\\":{},\\"parent\\":{\\"$ref\\":\\"../../../\\"},\\"start\\":{\\"line\\":0,\\"col\\":8,\\"pos\\":8},\\"end\\":{\\"line\\":0,\\"col\\":9,\\"pos\\":9}}],\\"end\\":{\\"line\\":0,\\"col\\":10,\\"pos\\":10}}"`;
