// Vitest Snapshot v1, https://vitest.dev/guide/snapshot.html

exports[`TD > stringifyTDNode 1`] = `"{"doc":{"idMap":{},"root":{"$ref":"../../"},"$id":1},"key":"root","type":0,"children":[{"doc":{"$ref":"#1"},"key":"a","parent":{"$ref":"../../../"},"type":2,"mValue":1,"start":{"line":0,"col":3,"pos":3},"end":{"line":0,"col":4,"pos":4},"deduped":false,"tData":{}},{"doc":{"$ref":"#1"},"key":"b","parent":{"$ref":"../../../"},"type":2,"mValue":2,"start":{"line":0,"col":8,"pos":8},"end":{"line":0,"col":9,"pos":9},"deduped":false,"tData":{}}],"start":{"line":0,"col":0,"pos":0},"end":{"line":0,"col":10,"pos":10},"deduped":false,"tData":{}}"`;
